[2026-10-05T03:35:00.141Z] [SR列表] 共 170 条，有 artTitle 170 条，缺缩略图 170 条
[2026-10-05T03:35:00.153Z] [SR列表] 缩略图命中 0/170，本轮暖 10 个，缺 献给明日的色彩-无背景.png,向浪花掷下盛夏-无背景.png,你将起身歌唱-无背景.png,放个短假-无背景.png,向着地平线的终点-无背景.png
[2026-10-05T03:35:06.297Z] [SR列表] 共 170 条，有 artTitle 170 条，缺缩略图 170 条
[2026-10-05T03:35:06.297Z] [SR列表] 缩略图命中 0/170，本轮暖 10 个，缺 献给明日的色彩-无背景.png,向浪花掷下盛夏-无背景.png,你将起身歌唱-无背景.png,放个短假-无背景.png,向着地平线的终点-无背景.png
[2026-10-05T03:35:06.418Z] [SR列表] 共 62 条，有 artTitle 62 条，缺缩略图 62 条
[2026-10-05T03:35:06.418Z] [SR列表] 缩略图命中 0/62，本轮暖 10 个，缺 戏梦点星的伶人.png,贪噬禁果的异端.png,坠星启航地.png,寰宇生研院.png,叩问天工的名冶.png
[2026-10-05T03:35:06.625Z] [SR预热] 戏梦点星的伶人.png 成功
[2026-10-05T03:35:06.629Z] [SR预热] 献给明日的色彩-无背景.png 成功
[2026-10-05T03:35:09.302Z] [SR预热] 向浪花掷下盛夏-无背景.png 成功
[2026-10-05T03:35:12.044Z] [SR预热] 你将起身歌唱-无背景.png 成功
[2026-10-05T03:35:12.137Z] [SR预热] 贪噬禁果的异端.png 失败(下次再试)
[2026-10-05T03:35:14.694Z] [SR预热] 放个短假-无背景.png 成功
[2026-10-05T03:35:14.816Z] [SR预热] 坠星启航地.png 成功
[2026-10-05T03:35:17.348Z] [SR预热] 向着地平线的终点-无背景.png 成功
[2026-10-05T03:35:17.462Z] [SR预热] 寰宇生研院.png 成功
[2026-10-05T03:35:20.068Z] [SR预热] 叩问天工的名冶.png 成功
[2026-10-05T03:35:20.097Z] [SR预热] 星火悄然闪耀-无背景.png 成功
[2026-10-05T03:35:25.581Z] [SR预热] 星如我见的领航员.png 失败(下次再试)
[2026-10-05T03:35:25.640Z] [SR预热] 所见即我-无背景.png 失败(下次再试)
[2026-10-05T03:35:31.122Z] [SR预热] 千星荟萃之城.png 失败(下次再试)
[2026-10-05T03:35:31.185Z] [SR预热] 当一颗星照亮夜空-无背景.png 失败(下次再试)
[2026-10-05T03:35:36.696Z] [SR预热] 零号关卡朋克洛德.png 失败(下次再试)
[2026-10-05T03:35:36.726Z] [SR预热] 灼尽炼狱的新骸-无背景.png 失败(下次再试)
[2026-10-05T03:35:39.474Z] [SR预热] 邂逅于下一个花季-无背景.png 成功
[2026-10-05T03:35:41.976Z] [SR预热] 本轮结束，缓存共 11 条
[2026-10-05T03:35:42.292Z] [SR预热] 应天涉远的卜者.png 失败(下次再试)
[2026-10-05T03:35:44.969Z] [SR预热] 闪耀功勋的魔法少女.png 成功
[2026-10-05T03:35:47.471Z] [SR预热] 本轮结束，缓存共 12 条
[2026-10-05T06:30:15.155Z] [SR列表] 共 170 条，有 artTitle 170 条，缺缩略图 163 条
[2026-10-05T06:30:15.155Z] [SR列表] 缩略图命中 7/170，本轮暖 10 个，缺 所见即我-无背景.png,当一颗星照亮夜空-无背景.png,灼尽炼狱的新骸-无背景.png,欢迎来到银河城-无背景.png,未来，有我们一起-无背景.png
[2026-10-05T06:30:15.305Z] [SR列表] 共 62 条，有 artTitle 62 条，缺缩略图 57 条
[2026-10-05T06:30:15.305Z] [SR列表] 缩略图命中 5/62，本轮暖 10 个，缺 贪噬禁果的异端.png,星如我见的领航员.png,千星荟萃之城.png,零号关卡朋克洛德.png,应天涉远的卜者.png
[2026-10-05T06:30:15.442Z] [SR预热] 所见即我-无背景.png 成功
[2026-10-05T06:30:15.511Z] [SR预热] 贪噬禁果的异端.png 成功
[2026-10-05T06:30:18.152Z] [SR预热] 当一颗星照亮夜空-无背景.png 成功
[2026-10-05T06:30:21.092Z] [SR预热] 星如我见的领航员.png 失败(下次再试)
[2026-10-05T06:30:23.663Z] [SR预热] 灼尽炼狱的新骸-无背景.png 失败(下次再试)
[2026-10-05T06:30:26.416Z] [SR预热] 欢迎来到银河城-无背景.png 成功
[2026-10-05T06:30:26.631Z] [SR预热] 千星荟萃之城.png 失败(下次再试)
[2026-10-05T06:30:29.102Z] [SR预热] 未来，有我们一起-无背景.png 成功
[2026-10-05T06:30:29.270Z] [SR预热] 零号关卡朋克洛德.png 成功
[2026-10-05T06:30:31.763Z] [SR预热] 一场谎言的终幕-无背景.png 成功
[2026-10-05T06:30:31.912Z] [SR预热] 应天涉远的卜者.png 成功
[2026-10-05T06:30:34.436Z] [SR预热] 欢愉满溢祝福-无背景.png 成功
[2026-10-05T06:30:34.602Z] [SR预热] 天国@直播间.png 成功
[2026-10-05T06:30:37.119Z] [SR预热] 花花世界迷人眼-无背景.png 成功
[2026-10-05T06:30:37.252Z] [SR预热] 永恒之地翁法罗斯.png 成功
[2026-10-05T06:30:39.784Z] [SR预热] 当她决定看见-无背景.png 成功
[2026-10-05T06:30:39.862Z] [SR预热] 再创天地的救世主.png 成功
[2026-10-05T06:30:42.462Z] [SR预热] 菇菇嘎嘎历险记-无背景.png 成功
[2026-10-05T06:30:42.499Z] [SR预热] 自匿星芒的隐士.png 成功
[2026-10-05T06:30:44.963Z] [SR预热] 本轮结束，缓存共 28 条
[2026-10-05T06:30:45.135Z] [SR预热] 妖精织梦的乐园.png 成功
[2026-10-05T06:30:47.636Z] [SR预热] 本轮结束，缓存共 29 条
[2026-10-05T08:26:10.374Z] [SR列表] 共 170 条，有 artTitle 170 条，缺缩略图 154 条
[2026-10-05T08:26:10.375Z] [SR列表] 缩略图命中 16/170，本轮暖 10 个，缺 灼尽炼狱的新骸-无背景.png,今日好手气-无背景.png,嗤笑-无背景.png,残泪-无背景.png,勿忘她的火焰-无背景.png
[2026-10-05T08:26:21.676Z] [SR列表] 共 170 条，有 artTitle 170 条，缺缩略图 154 条
[2026-10-05T08:26:21.676Z] [SR列表] 缩略图命中 16/170，本轮暖 10 个，缺 灼尽炼狱的新骸-无背景.png,今日好手气-无背景.png,嗤笑-无背景.png,残泪-无背景.png,勿忘她的火焰-无背景.png
[2026-10-05T08:26:59.462Z] [SR列表] 共 170 条，有 artTitle 170 条，缺缩略图 154 条
[2026-10-05T08:26:59.462Z] [SR列表] 缩略图命中 16/170，本轮暖 10 个，缺 灼尽炼狱的新骸-无背景.png,今日好手气-无背景.png,嗤笑-无背景.png,残泪-无背景.png,勿忘她的火焰-无背景.png
[2026-10-05T08:26:59.720Z] [SR预热] 灼尽炼狱的新骸-无背景.png 成功
[2026-10-05T08:27:02.316Z] [SR预热] 今日好手气-无背景.png 成功
[2026-10-05T08:27:07.827Z] [SR预热] 嗤笑-无背景.png 失败(下次再试)
[2026-10-05T08:27:13.366Z] [SR预热] 残泪-无背景.png 失败(下次再试)
[2026-10-05T08:27:16.177Z] [SR预热] 勿忘她的火焰-无背景.png 成功
[2026-10-05T08:27:18.792Z] [SR预热] 爱如此刻永恒-无背景.png 成功
[2026-10-05T08:27:21.410Z] [SR预热] 飞向粉色的明天-无背景.png 成功
[2026-10-05T08:27:24.045Z] [SR预热] 纵然山河万程-无背景.png 成功
[2026-10-05T08:27:26.657Z] [SR预热] 致长夜的星光-无背景.png 成功
[2026-10-05T08:27:29.307Z] [SR预热] 金血铭刻的时代-无背景.png 成功
[2026-10-05T08:27:31.808Z] [SR预热] 本轮结束，缓存共 37 条
[2026-10-05T08:28:12.627Z] [SR列表] 共 170 条，有 artTitle 170 条，缺缩略图 146 条
[2026-10-05T08:28:12.628Z] [SR列表] 缩略图命中 24/170，本轮暖 10 个，缺 嗤笑-无背景.png,残泪-无背景.png,海洋为何而歌-无背景.png,永远的迷境饭-无背景.png,理想燃烧的地狱-无背景.png
[2026-10-05T08:28:12.875Z] [SR预热] 嗤笑-无背景.png 成功
[2026-10-05T08:28:15.484Z] [SR预热] 残泪-无背景.png 成功
[2026-10-05T08:28:18.133Z] [SR预热] 海洋为何而歌-无背景.png 成功
[2026-10-05T08:28:20.763Z] [SR预热] 永远的迷境饭-无背景.png 成功
[2026-10-05T08:28:23.456Z] [SR预热] 理想燃烧的地狱-无背景.png 成功
[2026-10-05T08:28:26.142Z] [SR预热] 没有回报的加冕-无背景.png 成功
[2026-10-05T08:28:28.790Z] [SR预热] 黎明恰如此燃烧-无背景.png 成功
[2026-10-05T08:28:31.437Z] [SR预热] 故事的下一页-无背景.png 成功
[2026-10-05T08:28:34.117Z] [SR预热] 直到明天的明天-无背景.png 成功
[2026-10-05T08:28:36.764Z] [SR预热] 追逐风的时候-无背景.png 成功
[2026-10-05T08:28:39.265Z] [SR预热] 本轮结束，缓存共 47 条
[2026-10-05T09:21:14.580Z] [SR列表] 共 62 条，有 artTitle 62 条，缺缩略图 49 条
[2026-10-05T09:21:14.581Z] [SR列表] 缩略图命中 13/62，本轮暖 10 个，缺 星如我见的领航员.png,千星荟萃之城.png,沉欢醉饮的海隅.png,恶海逐波的船长.png,烈阳惊雷的女武神.png
